2026-08-21 17:19:33,765 | INFO | Host started on port 9999
2026-08-21 17:20:29,787 | INFO | Connection request from 127.0.0.1
2026-08-21 17:20:32,583 | INFO | REJECTED: 127.0.0.1
2026-08-21 17:21:44,192 | INFO | Host stopped
2026-08-21 17:21:45,490 | INFO | Host started on port 9999
2026-08-21 17:21:46,916 | INFO | Connection request from 127.0.0.1
2026-08-21 17:21:48,956 | INFO | ACCEPTED: 127.0.0.1
2026-08-21 17:21:51,492 | INFO | Host stopped
2026-08-21 17:21:56,020 | INFO | Host started on port 9999
2026-08-21 17:21:56,025 | INFO | SERVER ERROR: [WinError 10048] Only one usage of each socket address (protocol/network address/port) is normally permitted
2026-08-21 17:24:09,555 | INFO | Host stopped
2026-09-03 15:43:11,094 | INFO | Host started on port 9999
2026-09-03 15:43:45,769 | INFO | Host stopped
2026-09-03 15:43:47,618 | INFO | Host started on port 9999
2026-09-03 15:43:57,543 | INFO | Host GUI closed
2026-09-04 12:22:02,958 | INFO | [AUTH] \u0110ã kh\u1edfi t\u1ea1o thông tin \u0111\u0103ng nh\u1eadp, ID=701175
2026-09-04 12:25:56,068 | INFO | Host started on port 9999
2026-09-04 12:26:32,206 | INFO | Host stopped
2026-09-04 12:26:33,293 | INFO | [AUTH] \u0110ã \u0111\u1ed5i m\u1eadt kh\u1ea9u m\u1edbi
2026-09-04 12:26:33,294 | INFO | Password \u0111ã \u0111\u01b0\u1ee3c \u0111\u1ed5i
2026-09-04 12:26:36,901 | INFO | [AUTH] \u0110ã \u0111\u1ed5i m\u1eadt kh\u1ea9u m\u1edbi
2026-09-04 12:26:36,901 | INFO | Password \u0111ã \u0111\u01b0\u1ee3c \u0111\u1ed5i
2026-09-04 12:28:50,846 | INFO | Host started on port 9999
2026-09-04 12:29:08,805 | INFO | Host stopped
2026-09-04 12:29:09,597 | INFO | Host started on port 9999
2026-09-04 12:31:53,040 | INFO | Host GUI closed
2026-09-04 12:31:58,460 | INFO | [AUTH] \u0110ã kh\u1edfi t\u1ea1o thông tin \u0111\u0103ng nh\u1eadp, ID=903693
2026-09-04 12:32:09,601 | INFO | Host started on port 9999
2026-09-04 12:36:00,134 | INFO | Host stopped
2026-09-04 12:36:02,911 | INFO | Host started on port 9999
2026-09-04 12:42:16,816 | INFO | Host GUI closed
2026-09-04 12:42:19,374 | INFO | [AUTH] \u0110ã kh\u1edfi t\u1ea1o thông tin \u0111\u0103ng nh\u1eadp, ID=037294
2026-09-04 12:42:31,581 | INFO | Host started on port 9999
2026-09-04 12:42:56,145 | INFO | Host stopped
2026-09-04 12:43:02,292 | INFO | Host started on port 9999
2026-09-04 12:43:13,852 | INFO | Host GUI closed
2026-09-06 04:41:14,774 | INFO | [AUTH] \u0110ã kh\u1edfi t\u1ea1o thông tin \u0111\u0103ng nh\u1eadp, ID=151787
2026-09-06 04:44:16,163 | INFO | Host started on port 9999
2026-09-06 04:44:16,164 | INFO | [AUTH] \u0110ã kh\u1edfi t\u1ea1o thông tin \u0111\u0103ng nh\u1eadp, ID=669923
2026-09-06 04:44:17,540 | WARNING | [AUTH] Xác th\u1ef1c TH\u1ea4T B\u1ea0I cho ID=151787
2026-09-06 04:44:24,711 | INFO | [AUTH] \u0110ã \u0111\u1ed5i m\u1eadt kh\u1ea9u m\u1edbi
2026-09-06 04:44:24,715 | INFO | Password \u0111ã \u0111\u01b0\u1ee3c \u0111\u1ed5i
2026-09-06 04:47:05,910 | INFO | Host GUI closed
2026-09-06 04:48:03,861 | INFO | [AUTH] \u0110ã kh\u1edfi t\u1ea1o thông tin \u0111\u0103ng nh\u1eadp, ID=148193
2026-09-06 04:48:24,777 | INFO | Host started on port 9999
2026-09-06 04:48:40,435 | INFO | [AUTH] Xác th\u1ef1c THÀNH CÔNG cho ID=148193
2026-09-06 04:49:05,199 | INFO | Host GUI closed
